58 SEM CORRECAO CERTA [('ambiguo', (), 67, 3), ('ambiguo', ((223563, 2),), 67, 3), ('ambiguo', ((223563, 3),), 67, 3), ('ambiguo', ((223563, 4),), 67, 3), ('ambiguo', ((223563, 5),), 67, 3), ('ambiguo', ((223563, 6),), 67, 3), ('ambiguo', ((223563, 7),), 67, 3), ('ambiguo', ((223564, 6),), 67, 3)]
99 OK fileira 67 dist 2 empatadas 195574 saidas 10 desde rel 155400 trocas [(155404, 2), (155405, 1)]
128 OK fileira 63 dist 2 empatadas 285 saidas 1 desde rel 187336 trocas [(187343, 7), (187347, 5)]
157 OK fileira 63 dist 3 empatadas 285 saidas 1 desde rel 230187 trocas [(230192, 3), (230204, 3), (230207, 2)]
219 SEM CORRECAO CERTA [('ambiguo', (), 66, 2)]
323 OK fileira 67 dist 1 empatadas 477889 saidas 9 desde rel 72180 trocas [(72183, 6)]
352 OK fileira 67 dist 2 empatadas 161402 saidas 8 desde rel 126074 trocas [(126075, 7), (126076, 4)]
410 OK fileira 66 dist 1 empatadas 65 saidas 2 desde rel 216578 trocas [(216583, 2)]
439 OK fileira 67 dist 3 empatadas 292885 saidas 3 desde rel 259120 trocas [(259120, 2), (259121, 0), (259121, 1)]
485 OK fileira 66 dist 3 empatadas 310 saidas 2 desde rel 263670 trocas [(263672, 0), (263672, 4), (263676, 5)]
514 SEM CORRECAO CERTA []
705 OK fileira 65 dist 3 empatadas 168 saidas 1 desde rel 232542 trocas [(232546, 2), (232547, 4), (232553, 6)]
763 SEM CORRECAO CERTA [('nao fecha', (), 64, 2)]
785 AMBIGUO ENTRE VARIANTES DE ESCAPE [('ok', ((51710, 2),), 67, 0), ('ok', ((51710, 3),), 67, 0), ('ok', ((51710, 4),), 67, 0), ('ok', ((51710, 5),), 67, 0), ('ok', ((51710, 6),), 67, 0), ('ok', ((51710, 7),), 67, 0), ('ok', (), 65, 2), ('ok', ((51711, 6),), 64, 3)]
843 OK fileira 65 dist 3 empatadas 141 saidas 2 desde rel 57962 trocas [(57963, 1), (57966, 0), (57972, 0)]
901 OK fileira 66 dist 2 empatadas 541 saidas 2 desde rel 92073 trocas [(92074, 2), (92080, 6)]
930 OK fileira 65 dist 3 empatadas 214 saidas 1 desde rel 102354 trocas [(102355, 1), (102355, 6), (102362, 2)]
953 OK fileira 63 dist 1 empatadas 562 saidas 2 desde rel 81301 trocas [(81311, 0)]
1011 OK fileira 67 dist 3 empatadas 6885 saidas 5 desde rel 112519 trocas [(112522, 2), (112522, 4), (112522, 5)]
1106 OK fileira 64 dist 3 empatadas 285 saidas 1 desde rel 123393 trocas [(123396, 0), (123406, 0), (123408, 1)]
1201 SEM CORRECAO CERTA []
1268 SEM CORRECAO CERTA [('nao fecha', (), 66, 2), ('nao fecha', ((125822, 2),), 66, 2), ('nao fecha', ((125822, 3),), 66, 2), ('nao fecha', ((125822, 4),), 66, 2), ('nao fecha', ((125822, 5),), 66, 2), ('nao fecha', ((125822, 6),), 66, 2), ('nao fecha', ((125822, 7),), 66, 2), ('nao fecha', ((125823, 2),), 66, 2)]
1297 OK fileira 66 dist 0 empatadas 1252 saidas 1 desde rel 183433 trocas []
1321 SEM CORRECAO CERTA []
1350 SEM CORRECAO CERTA [('nao fecha', (), 67, 3), ('nao fecha', ((162137, 2),), 67, 3), ('nao fecha', ((162137, 3),), 67, 3), ('nao fecha', ((162137, 4),), 67, 3), ('nao fecha', ((162137, 5),), 67, 3), ('nao fecha', ((162137, 6),), 67, 3), ('nao fecha', ((162137, 7),), 67, 3), ('nao fecha', ((162138, 7),), 67, 3), ('nao fecha', ((162149, 2),), 67, 3), ('nao fecha', ((162149, 3),), 67, 3), ('nao fecha', ((162149, 4),), 67, 3), ('nao fecha', ((162149, 5),), 67, 3), ('nao fecha', ((162149, 6),), 67, 3), ('nao fecha', ((162149, 7),), 67, 3), ('nao fecha', ((162150, 2),), 67, 3)]
1379 SEM CORRECAO CERTA [('ambiguo', (), 66, 3)]
1553 OK fileira 63 dist 3 empatadas 214 saidas 1 desde rel 152432 trocas [(152436, 5), (152437, 1), (152448, 1)]
1741 SEM CORRECAO CERTA [('nao fecha', (), 67, 3), ('nao fecha', ((154120, 2),), 67, 3), ('nao fecha', ((154120, 3),), 67, 3), ('nao fecha', ((154120, 4),), 67, 3), ('nao fecha', ((154120, 5),), 67, 3), ('nao fecha', ((154120, 6),), 67, 3), ('nao fecha', ((154120, 7),), 67, 3), ('nao fecha', ((154121, 6),), 67, 3)]
1773 OK fileira 67 dist 1 empatadas 509518 saidas 9 desde rel 34311 trocas [(34314, 0), (34315, 5)]
1802 SEM CORRECAO CERTA [('nao fecha', (), 67, 2), ('nao fecha', ((78000, 2),), 67, 2), ('nao fecha', ((78000, 3),), 67, 2), ('nao fecha', ((78000, 4),), 67, 2), ('nao fecha', ((78000, 5),), 67, 2), ('nao fecha', ((78000, 6),), 67, 2), ('nao fecha', ((78000, 7),), 67, 2), ('ambiguo', ((78001, 3),), 66, 3)]
1831 OK fileira 67 dist 0 empatadas 82339 saidas 2 desde rel 103510 trocas []
1833 OK fileira 67 dist 1 empatadas 632447 saidas 10 desde rel 69658 trocas [(69662, 1)]
1949 OK fileira 67 dist 2 empatadas 551213 saidas 9 desde rel 165384 trocas [(165385, 3), (165386, 2)]
2036 OK fileira 63 dist 2 empatadas 337 saidas 2 desde rel 158969 trocas [(158971, 1), (158977, 5)]
2065 OK fileira 63 dist 1 empatadas 142 saidas 1 desde rel 190115 trocas [(190133, 0)]
2101 OK fileira 65 dist 3 empatadas 143 saidas 1 desde rel 150958 trocas [(150960, 6), (150966, 2), (150967, 6)]
2159 SEM CORRECAO CERTA []
2275 OK fileira 66 dist 3 empatadas 321 saidas 2 desde rel 100349 trocas [(100350, 3), (100354, 1), (100354, 6)]
2420 OK fileira 67 dist 1 empatadas 224368 saidas 10 desde rel 274397 trocas [(274401, 3)]
2441 SEM CORRECAO CERTA []
2525 OK fileira 67 dist 2 empatadas 632447 saidas 10 desde rel 63238 trocas [(63240, 0), (63242, 4)]
2757 OK fileira 66 dist 3 empatadas 516 saidas 3 desde rel 234666 trocas [(234667, 0), (234667, 1), (234667, 3)]
2786 SEM CORRECAO CERTA [('ambiguo', (), 66, 3), ('ambiguo', ((251500, 2),), 66, 3), ('ambiguo', ((251500, 3),), 66, 3), ('ambiguo', ((251500, 4),), 66, 3), ('ambiguo', ((251500, 5),), 66, 3), ('ambiguo', ((251500, 6),), 66, 3), ('ambiguo', ((251500, 7),), 66, 3), ('ambiguo', ((251501, 3),), 66, 3)]
2971 OK fileira 67 dist 1 empatadas 512919 saidas 9 desde rel 252906 trocas [(252909, 3)]
3027 OK fileira 65 dist 3 empatadas 141 saidas 2 desde rel 133876 trocas [(133877, 1), (133881, 6), (133883, 5)]
3047 SEM CORRECAO CERTA [('nao fecha', (), 66, 2)]
3097 SEM CORRECAO CERTA []
3126 SEM CORRECAO CERTA [('ambiguo', (), 66, 2)]
3155 SEM CORRECAO CERTA []
3278 OK fileira 65 dist 3 empatadas 286 saidas 1 desde rel 244889 trocas [(244891, 3), (244899, 7), (244900, 5)]
3290 SEM CORRECAO CERTA [('ambiguo', (), 66, 1)]
